<!DOCTYPE html>
<html>
    <head>
        <meta charset="UTF-8">
        <link rel="stylesheet" type="text/css" href="../css/bootstrap.min.css">
        <link rel="stylesheet" type="text/css" href="../css/oncoprint.css">
        <title>KRAS</title>
    </head>
    <body>
    <nav class="navbar navbar-expand-lg navbar-dark bg-dark">
        <a class="navbar-brand" href="#">rbt report</a>
        <div class="collapse navbar-collapse" id="navbarText">
            <ul class="navbar-nav mr-auto">
                <li class="nav-item">
                </li>
                <li class="nav-item">
                    <a class="nav-link" href="https://github.com/rust-bio/rust-bio-tools">github</a>
                </li>
            </ul>
            <span class="navbar-text">
                </span>
        </div>
    </nav>
        <nav aria-label="breadcrumb">
            <ol class="breadcrumb">
                <li class="breadcrumb-item"><a href="../indexes/index1.html">Oncoprint</a></li>
                <li class="breadcrumb-item active" aria-current="page">gene: KRAS</li>
            </ol>
        </nav>
        <div id="oncoprint"></div>

        

        <script src="../js/jquery.min.js"></script>
        <script src="../js/jsonm.min.js"></script>
        <script src="../js/vega.min.js"></script>
        <script src="../js/vega-lite.min.js"></script>
        <script src="../js/vega-embed.min.js"></script>
        <script src="../js/lz-string.min.js"></script>
        <script src="plots/KRAS1.js"></script>
        <script src="../js/gene-report.js"></script>
    </body>
</html>
