<!doctype html>
<html lang="en">
<head>
    <title>KRAS</title>
    <meta charset="UTF-8">
    <link rel="stylesheet" type="text/css" href="../../css/bootstrap.min.css">
    <link rel="stylesheet" type="text/css" href="../../css/bootstrap-table.min.css">
    <link rel="stylesheet" type="text/css" href="../../css/oncoprint.css">
</head>

<body>
<script src="../../js/jquery.min.js"></script>
<script src="../../js/bootstrap-table.min.js"></script>
<script src="../../js/bootstrap.bundle.min.js"></script>
<script src="../../js/jsonm.min.js"></script>
<script src="../../js/vega.min.js"></script>
<script src="../../js/vega-lite.min.js"></script>
<script src="../../js/vega-embed.min.js"></script>
<script src="../../js/lz-string.min.js"></script>

<script src="plots/KRAS.js"></script>
<script src="../../js/table-report.js"></script>
<nav class="navbar navbar-expand-lg navbar-dark bg-dark">
    <a class="navbar-brand" href="#">rbt report</a>
    <div class="collapse navbar-collapse" id="navbarText">
        <ul class="navbar-nav mr-auto">
            <li class="nav-item">
            </li>
            <li class="nav-item">
                <a class="nav-link" href="https://github.com/rust-bio/rust-bio-tools">github</a>
            </li>
        </ul>
        <span class="navbar-text">
                </span>
    </div>
</nav>
<nav aria-label="breadcrumb">
    <ol class="breadcrumb">
        <li class="breadcrumb-item"><a href="../../indexes/index1.html">Oncoprint</a></li>
        <li class="breadcrumb-item"><a href="../../genes/KRAS1.html">gene: KRAS</a></li>
        <li class="breadcrumb-item active" aria-current="page">group: a</li>
    </ol>
</nav>
<div class="container-fluid ">
        <div class="row">
            <div class="col-8">
                <div class="row">
                    <div class="col-12">
                        <table id="table" class="table-bordered" data-toggle="table" data-height="305" data-search="true" data-pagination="true">
                            <thead>
                            <tr>
                                <th scope="col">contig</th>
                                <th scope="col" data-sortable="true">id</th>
                                <th scope="col" data-sortable="true">pos</th>
                                <th scope="col">ref</th>
                                <th scope="col">alt</th>
                                
                            </tr>
                            </thead>
                            <tbody>
                            
                            <tr
                                    class="variant-row"
                                    id="variant1"
                                    data-idx="1"
                                    data-name="chr1"
                                    data-id="."
                                    data-position="14"
                                    data-type="Variant"
                                    data-reference="C"
                                    data-alternatives="T"
                                    
                                    
                                    data-vis-sample1="tumor"
                                    data-vislen="1"
                                    data-packed=true
                                    data-annlen="4"
                                    data-description="[Allele, Consequence, IMPACT, SYMBOL, Gene, Feature_type, Feature, BIOTYPE, EXON, INTRON, HGVSg, HGVSp, cDNA_position, CDS_position, Protein_position, Amino_acids, Codons, Existing_variation, DISTANCE, STRAND, FLAGS, VARIANT_CLASS, SYMBOL_SOURCE, HGNC_ID, CANONICAL, MANE, TSL, APPRIS, CCDS, ENSP, SWISSPROT, TREMBL, UNIPARC, GENE_PHENO, SIFT, PolyPhen, DOMAINS, miRNA, HGVS_OFFSET, AF, AFR_AF, AMR_AF, EAS_AF, EUR_AF, SAS_AF, AA_AF, EA_AF, gnomAD_AF, gnomAD_AFR_AF, gnomAD_AMR_AF, gnomAD_ASJ_AF, gnomAD_EAS_AF, gnomAD_FIN_AF, gnomAD_NFE_AF, gnomAD_OTH_AF, gnomAD_SAS_AF, MAX_AF, MAX_AF_POPS, CLIN_SIG, SOMATIC, PHENO, PUBMED, MOTIF_NAME, MOTIF_POS, HIGH_INF_POS, MOTIF_SCORE_CHANGE, LoFtool]"
                                    
                                    data-ann[1][1]="T"
                                    
                                    data-ann[1][2]="missense_variant"
                                    
                                    data-ann[1][3]="MODERATE"
                                    
                                    data-ann[1][4]="KRAS"
                                    
                                    data-ann[1][5]="ENSG00000133703"
                                    
                                    data-ann[1][6]="Transcript"
                                    
                                    data-ann[1][7]="ENST00000256078"
                                    
                                    data-ann[1][8]="protein_coding"
                                    
                                    data-ann[1][9]="2/6"
                                    
                                    data-ann[1][11]="ENST00000256078.9:c.35G>A"
                                    
                                    data-ann[1][12]="ENSP00000256078.4:p.Gly12Asp"
                                    
                                    data-ann[1][13]="225"
                                    
                                    data-ann[1][14]="35"
                                    
                                    data-ann[1][15]="12"
                                    
                                    data-ann[1][16]="G/D"
                                    
                                    data-ann[1][17]="gGt/gAt"
                                    
                                    data-ann[1][18]="rs121913529&COSM1135366&COSM1140133&COSM1140134&COSM12657&COSM49168&COSM520&COSM521&COSM522"
                                    
                                    data-ann[1][20]="-1"
                                    
                                    data-ann[1][22]="SNV"
                                    
                                    data-ann[1][23]="HGNC"
                                    
                                    data-ann[1][24]="HGNC:6407"
                                    
                                    data-ann[1][25]="YES"
                                    
                                    data-ann[1][27]="1"
                                    
                                    data-ann[1][28]="P4"
                                    
                                    data-ann[1][29]="CCDS8703.1"
                                    
                                    data-ann[1][30]="ENSP00000256078"
                                    
                                    data-ann[1][31]="P01116"
                                    
                                    data-ann[1][32]="L7RSL8"
                                    
                                    data-ann[1][33]="UPI0000133132"
                                    
                                    data-ann[1][34]="1"
                                    
                                    data-ann[1][35]="deleterious(0)"
                                    
                                    data-ann[1][36]="benign(0.303)"
                                    
                                    data-ann[1][37]="Gene3D:3.40.50.300&PDB-ENSP_mappings:3gft.A&PDB-ENSP_mappings:3gft.B&PDB-ENSP_mappings:3gft.C&PDB-ENSP_mappings:3gft.D&PDB-ENSP_mappings:3gft.E&PDB-ENSP_mappings:3gft.F&PDB-ENSP_mappings:4dsn.A&PDB-ENSP_mappings:4dso.A&PDB-ENSP_mappings:4dst.A&PDB-ENSP_mappings:4dsu.A&PDB-ENSP_mappings:4epr.A&PDB-ENSP_mappings:4ept.A&PDB-ENSP_mappings:4epv.A&PDB-ENSP_mappings:4epw.A&PDB-ENSP_mappings:4epx.A&PDB-ENSP_mappings:4epy.A&PDB-ENSP_mappings:4l8g.A&PDB-ENSP_mappings:4ldj.A&PDB-ENSP_mappings:4lpk.A&PDB-ENSP_mappings:4lpk.B&PDB-ENSP_mappings:4lrw.A&PDB-ENSP_mappings:4lrw.B&PDB-ENSP_mappings:4luc.A&PDB-ENSP_mappings:4luc.B&PDB-ENSP_mappings:4lv6.A&PDB-ENSP_mappings:4lv6.B&PDB-ENSP_mappings:4lyf.A&PDB-ENSP_mappings:4lyf.B&PDB-ENSP_mappings:4lyf.C&PDB-ENSP_mappings:4lyh.A&PDB-ENSP_mappings:4lyh.B&PDB-ENSP_mappings:4lyh.C&PDB-ENSP_mappings:4lyj.A&PDB-ENSP_mappings:4m1o.A&PDB-ENSP_mappings:4m1o.B&PDB-ENSP_mappings:4m1o.C&PDB-ENSP_mappings:4m1s.A&PDB-ENSP_mappings:4m1s.B&PDB-ENSP_mappings:4m1s.C&PDB-ENSP_mappings:4m1t.A&PDB-ENSP_mappings:4m1t.B&PDB-ENSP_mappings:4m1t.C&PDB-ENSP_mappings:4m1w.A&PDB-ENSP_mappings:4m1w.B&PDB-ENSP_mappings:4m1w.C&PDB-ENSP_mappings:4m1y.A&PDB-ENSP_mappings:4m1y.B&PDB-ENSP_mappings:4m1y.C&PDB-ENSP_mappings:4m21.A&PDB-ENSP_mappings:4m21.B&PDB-ENSP_mappings:4m21.C&PDB-ENSP_mappings:4m22.A&PDB-ENSP_mappings:4m22.B&PDB-ENSP_mappings:4m22.C&PDB-ENSP_mappings:4nmm.A&PDB-ENSP_mappings:4obe.A&PDB-ENSP_mappings:4obe.B&PDB-ENSP_mappings:4pzy.A&PDB-ENSP_mappings:4pzy.B&PDB-ENSP_mappings:4pzz.A&PDB-ENSP_mappings:4q01.A&PDB-ENSP_mappings:4q01.B&PDB-ENSP_mappings:4q02.A&PDB-ENSP_mappings:4q03.A&PDB-ENSP_mappings:4ql3.A&PDB-ENSP_mappings:4tq9.A&PDB-ENSP_mappings:4tq9.B&PDB-ENSP_mappings:4tqa.A&PDB-ENSP_mappings:4tqa.B&PDB-ENSP_mappings:4wa7.A&PDB-ENSP_mappings:5f2e.A&PDB-ENSP_mappings:5kyk.A&PDB-ENSP_mappings:5kyk.B&PDB-ENSP_mappings:5kyk.C&PDB-ENSP_mappings:5mla.A&PDB-ENSP_mappings:5mlb.A&PDB-ENSP_mappings:5mlb.C&PDB-ENSP_mappings:5mlb.E&PDB-ENSP_mappings:5mlb.G&PDB-ENSP_mappings:5o2s.A&PDB-ENSP_mappings:5o2s.C&PDB-ENSP_mappings:5o2s.E&PDB-ENSP_mappings:5o2s.G&PDB-ENSP_mappings:5o2t.A&PDB-ENSP_mappings:5ocg.A&PDB-ENSP_mappings:5oco.A&PDB-ENSP_mappings:5oco.B&PDB-ENSP_mappings:5oco.C&PDB-ENSP_mappings:5oco.D&PDB-ENSP_mappings:5oco.E&PDB-ENSP_mappings:5oco.F&PDB-ENSP_mappings:5oct.A&PDB-ENSP_mappings:5oct.B&PDB-ENSP_mappings:5oct.C&PDB-ENSP_mappings:5oct.D&PDB-ENSP_mappings:5oct.E&PDB-ENSP_mappings:5oct.F&PDB-ENSP_mappings:5tar.A&PDB-ENSP_mappings:5tb5.A&PDB-ENSP_mappings:5tb5.C&PDB-ENSP_mappings:5ufe.A&PDB-ENSP_mappings:5ufq.A&PDB-ENSP_mappings:5ufq.B&PDB-ENSP_mappings:5uk9.A&PDB-ENSP_mappings:5uk9.B&PDB-ENSP_mappings:5uqw.A&PDB-ENSP_mappings:5uqw.B&PDB-ENSP_mappings:5us4.A&PDB-ENSP_mappings:5us4.B&PDB-ENSP_mappings:5usj.A&PDB-ENSP_mappings:5usj.B&PDB-ENSP_mappings:5usj.C&PDB-ENSP_mappings:5usj.D&PDB-ENSP_mappings:5usj.E&PDB-ENSP_mappings:5usj.F&PDB-ENSP_mappings:5v6s.A&PDB-ENSP_mappings:5v6v.A&PDB-ENSP_mappings:5v6v.B&PDB-ENSP_mappings:5v71.A&PDB-ENSP_mappings:5v71.B&PDB-ENSP_mappings:5v71.C&PDB-ENSP_mappings:5v71.D&PDB-ENSP_mappings:5v71.E&PDB-ENSP_mappings:5v71.F&PDB-ENSP_mappings:5v9l.A&PDB-ENSP_mappings:5v9l.B&PDB-ENSP_mappings:5v9l.C&PDB-ENSP_mappings:5v9o.A&PDB-ENSP_mappings:5v9u.A&PDB-ENSP_mappings:5v9u.B&PDB-ENSP_mappings:5vbm.A&PDB-ENSP_mappings:5vp7.A&PDB-ENSP_mappings:5vp7.F&PDB-ENSP_mappings:5vpi.A&PDB-ENSP_mappings:5vpi.B&PDB-ENSP_mappings:5vpy.A&PDB-ENSP_mappings:5vpy.B&PDB-ENSP_mappings:5vpz.A&PDB-ENSP_mappings:5vpz.B&PDB-ENSP_mappings:5vq0.A&PDB-ENSP_mappings:5vq0.B&PDB-ENSP_mappings:5vq1.A&PDB-ENSP_mappings:5vq1.B&PDB-ENSP_mappings:5vq2.A&PDB-ENSP_mappings:5vq2.B&PDB-ENSP_mappings:5vq6.A&PDB-ENSP_mappings:5vq6.B&PDB-ENSP_mappings:5vq8.A&PDB-ENSP_mappings:5vq8.B&PDB-ENSP_mappings:5w22.A&PDB-ENSP_mappings:5w22.B&PDB-ENSP_mappings:5wha.A&PDB-ENSP_mappings:5wha.D&PDB-ENSP_mappings:5wha.G&PDB-ENSP_mappings:5wha.J&PDB-ENSP_mappings:5whb.A&PDB-ENSP_mappings:5whb.D&PDB-ENSP_mappings:5whb.G&PDB-ENSP_mappings:5whb.J&PDB-ENSP_mappings:5whd.A&PDB-ENSP_mappings:5whd.B&PDB-ENSP_mappings:5whd.C&PDB-ENSP_mappings:5whd.D&PDB-ENSP_mappings:5whe.A&PDB-ENSP_mappings:5whe.D&PDB-ENSP_mappings:5whe.G&PDB-ENSP_mappings:5whe.J&PDB-ENSP_mappings:5wlb.A&PDB-ENSP_mappings:5wlb.D&PDB-ENSP_mappings:5wpm.A&PDB-ENSP_mappings:5xco.A&PDB-ENSP_mappings:5yxz.A&PDB-ENSP_mappings:5yy1.A&PDB-ENSP_mappings:6ark.A&PDB-ENSP_mappings:6asa.A&PDB-ENSP_mappings:6ase.A&PDB-ENSP_mappings:6b0v.A&PDB-ENSP_mappings:6b0v.B&PDB-ENSP_mappings:6b0y.A&PDB-ENSP_mappings:6b0y.B&PDB-ENSP_mappings:6bof.A&PDB-ENSP_mappings:6bof.B&PDB-ENSP_mappings:6bp1.A&PDB-ENSP_mappings:6cc9.B&PDB-ENSP_mappings:6cch.B&PDB-ENSP_mappings:6ccx.B&PDB-ENSP_mappings:6epl.R&PDB-ENSP_mappings:6epm.R&PDB-ENSP_mappings:6epn.R&PDB-ENSP_mappings:6epo.R&PDB-ENSP_mappings:6epp.R&PDB-ENSP_mappings:6f76.A&PDB-ENSP_mappings:6f76.B&PDB-ENSP_mappings:6f76.C&PDB-ENSP_mappings:6f76.D&PDB-ENSP_mappings:6f76.E&PDB-ENSP_mappings:6f76.F&PDB-ENSP_mappings:6fa1.A&PDB-ENSP_mappings:6fa1.B&PDB-ENSP_mappings:6fa1.C&PDB-ENSP_mappings:6fa1.D&PDB-ENSP_mappings:6fa1.E&PDB-ENSP_mappings:6fa1.F&PDB-ENSP_mappings:6fa2.A&PDB-ENSP_mappings:6fa2.B&PDB-ENSP_mappings:6fa2.C&PDB-ENSP_mappings:6fa2.D&PDB-ENSP_mappings:6fa2.E&PDB-ENSP_mappings:6fa2.F&PDB-ENSP_mappings:6fa3.A&PDB-ENSP_mappings:6fa3.B&PDB-ENSP_mappings:6fa3.C&PDB-ENSP_mappings:6fa3.D&PDB-ENSP_mappings:6fa3.E&PDB-ENSP_mappings:6fa3.F&PDB-ENSP_mappings:6fa4.A&PDB-ENSP_mappings:6fa4.B&PDB-ENSP_mappings:6fa4.C&PDB-ENSP_mappings:6fa4.D&PDB-ENSP_mappings:6fa4.E&PDB-ENSP_mappings:6fa4.F&PDB-ENSP_mappings:6god.A&PDB-ENSP_mappings:6goe.A&PDB-ENSP_mappings:6gof.A&PDB-ENSP_mappings:6gog.A&PDB-ENSP_mappings:6gog.B&PDB-ENSP_mappings:6gog.C&PDB-ENSP_mappings:6gog.D&PDB-ENSP_mappings:6gog.E&PDB-ENSP_mappings:6gog.F&PDB-ENSP_mappings:6gom.A&PDB-ENSP_mappings:6gom.B&PDB-ENSP_mappings:6gom.C&PDB-ENSP_mappings:6gom.D&PDB-ENSP_mappings:6gom.E&PDB-ENSP_mappings:6gom.F&PDB-ENSP_mappings:6gqt.A&PDB-ENSP_mappings:6gqt.B&PDB-ENSP_mappings:6gqt.C&PDB-ENSP_mappings:6gqt.D&PDB-ENSP_mappings:6gqt.E&PDB-ENSP_mappings:6gqt.F&PDB-ENSP_mappings:6gqw.A&PDB-ENSP_mappings:6gqw.B&PDB-ENSP_mappings:6gqw.C&PDB-ENSP_mappings:6gqw.D&PDB-ENSP_mappings:6gqw.E&PDB-ENSP_mappings:6gqw.F&PDB-ENSP_mappings:6gqx.A&PDB-ENSP_mappings:6gqx.B&PDB-ENSP_mappings:6gqx.C&PDB-ENSP_mappings:6gqx.D&PDB-ENSP_mappings:6gqx.E&PDB-ENSP_mappings:6gqx.F&PDB-ENSP_mappings:6gqy.A&PDB-ENSP_mappings:6gqy.B&PDB-ENSP_mappings:6gqy.C&PDB-ENSP_mappings:6gqy.D&PDB-ENSP_mappings:6gqy.E&PDB-ENSP_mappings:6gqy.F&PDB-ENSP_mappings:6h46.A&PDB-ENSP_mappings:6h47.A&PDB-ENSP_mappings:6n2j.A&PDB-ENSP_mappings:6n2k.A&Pfam:PF00071&Prints:PR00449&PROSITE_profiles:PS51421&PANTHER:PTHR24070&PANTHER:PTHR24070:SF388&SMART:SM00173&SMART:SM00174&SMART:SM00175&SMART:SM00176&Superfamily:SSF52540&TIGRFAM:TIGR00231&CDD:cd04138&Low_complexity_(Seg):seg"
                                    
                                    data-ann[1][48]="4.011e-06"
                                    
                                    data-ann[1][49]="0"
                                    
                                    data-ann[1][50]="0"
                                    
                                    data-ann[1][51]="0"
                                    
                                    data-ann[1][52]="0"
                                    
                                    data-ann[1][53]="0"
                                    
                                    data-ann[1][54]="8.883e-06"
                                    
                                    data-ann[1][55]="0"
                                    
                                    data-ann[1][56]="0"
                                    
                                    data-ann[1][57]="8.883e-06"
                                    
                                    data-ann[1][58]="gnomAD_NFE"
                                    
                                    data-ann[1][59]="pathogenic&likely_pathogenic"
                                    
                                    data-ann[1][60]="0&1&1&1&1&1&1&1&1"
                                    
                                    data-ann[1][61]="1&1&1&1&1&1&1&1&1"
                                    
                                    data-ann[1][62]="25157968&19029981&22499344&17332249&21079152&2278970&3122217&12460918&16434492&19075190&22407852&17384584&18794081&19047918&19255327&19773371&23406027&22683711&19018267&21975775&17704260&15696205&16361624&16618717&18316791&19114683&19679400&20921462&20921465&21228335&19794967&21398618&23182985&7773929&8439212&15842656&17910045&19358724&19881948&20609353&20805368&20949522&21169357&22025163&22235099&22282465&22897852&23014527&25044103&26372703&27872090&29525983&30463544"
                                    
                                    data-ann[1][67]="0.19"
                                    
                                    data-ann[2][1]="T"
                                    
                                    data-ann[2][2]="missense_variant"
                                    
                                    data-ann[2][3]="MODERATE"
                                    
                                    data-ann[2][4]="KRAS"
                                    
                                    data-ann[2][5]="ENSG00000133703"
                                    
                                    data-ann[2][6]="Transcript"
                                    
                                    data-ann[2][7]="ENST00000311936"
                                    
                                    data-ann[2][8]="protein_coding"
                                    
                                    data-ann[2][9]="2/5"
                                    
                                    data-ann[2][11]="ENST00000311936.8:c.35G>A"
                                    
                                    data-ann[2][12]="ENSP00000308495.3:p.Gly12Asp"
                                    
                                    data-ann[2][13]="225"
                                    
                                    data-ann[2][14]="35"
                                    
                                    data-ann[2][15]="12"
                                    
                                    data-ann[2][16]="G/D"
                                    
                                    data-ann[2][17]="gGt/gAt"
                                    
                                    data-ann[2][18]="rs121913529&COSM1135366&COSM1140133&COSM1140134&COSM12657&COSM49168&COSM520&COSM521&COSM522"
                                    
                                    data-ann[2][20]="-1"
                                    
                                    data-ann[2][22]="SNV"
                                    
                                    data-ann[2][23]="HGNC"
                                    
                                    data-ann[2][24]="HGNC:6407"
                                    
                                    data-ann[2][27]="1"
                                    
                                    data-ann[2][28]="A1"
                                    
                                    data-ann[2][29]="CCDS8702.1"
                                    
                                    data-ann[2][30]="ENSP00000308495"
                                    
                                    data-ann[2][31]="P01116"
                                    
                                    data-ann[2][32]="A0A024RAV5"
                                    
                                    data-ann[2][33]="UPI0000001252"
                                    
                                    data-ann[2][34]="1"
                                    
                                    data-ann[2][35]="deleterious(0)"
                                    
                                    data-ann[2][36]="benign(0.21)"
                                    
                                    data-ann[2][37]="Low_complexity_(Seg):seg&PROSITE_profiles:PS51421&CDD:cd04138&PANTHER:PTHR24070&PANTHER:PTHR24070:SF186&Pfam:PF00071&TIGRFAM:TIGR00231&Gene3D:3.40.50.300&SMART:SM00173&SMART:SM00174&SMART:SM00175&Superfamily:SSF52540&Prints:PR00449"
                                    
                                    data-ann[2][48]="4.011e-06"
                                    
                                    data-ann[2][49]="0"
                                    
                                    data-ann[2][50]="0"
                                    
                                    data-ann[2][51]="0"
                                    
                                    data-ann[2][52]="0"
                                    
                                    data-ann[2][53]="0"
                                    
                                    data-ann[2][54]="8.883e-06"
                                    
                                    data-ann[2][55]="0"
                                    
                                    data-ann[2][56]="0"
                                    
                                    data-ann[2][57]="8.883e-06"
                                    
                                    data-ann[2][58]="gnomAD_NFE"
                                    
                                    data-ann[2][59]="pathogenic&likely_pathogenic"
                                    
                                    data-ann[2][60]="0&1&1&1&1&1&1&1&1"
                                    
                                    data-ann[2][61]="1&1&1&1&1&1&1&1&1"
                                    
                                    data-ann[2][62]="25157968&19029981&22499344&17332249&21079152&2278970&3122217&12460918&16434492&19075190&22407852&17384584&18794081&19047918&19255327&19773371&23406027&22683711&19018267&21975775&17704260&15696205&16361624&16618717&18316791&19114683&19679400&20921462&20921465&21228335&19794967&21398618&23182985&7773929&8439212&15842656&17910045&19358724&19881948&20609353&20805368&20949522&21169357&22025163&22235099&22282465&22897852&23014527&25044103&26372703&27872090&29525983&30463544"
                                    
                                    data-ann[2][67]="0.19"
                                    
                                    data-ann[3][1]="T"
                                    
                                    data-ann[3][2]="missense_variant"
                                    
                                    data-ann[3][3]="MODERATE"
                                    
                                    data-ann[3][4]="KRAS"
                                    
                                    data-ann[3][5]="ENSG00000133703"
                                    
                                    data-ann[3][6]="Transcript"
                                    
                                    data-ann[3][7]="ENST00000556131"
                                    
                                    data-ann[3][8]="protein_coding"
                                    
                                    data-ann[3][9]="2/3"
                                    
                                    data-ann[3][11]="ENST00000556131.1:c.35G>A"
                                    
                                    data-ann[3][12]="ENSP00000451856.1:p.Gly12Asp"
                                    
                                    data-ann[3][13]="212"
                                    
                                    data-ann[3][14]="35"
                                    
                                    data-ann[3][15]="12"
                                    
                                    data-ann[3][16]="G/D"
                                    
                                    data-ann[3][17]="gGt/gAt"
                                    
                                    data-ann[3][18]="rs121913529&COSM1135366&COSM1140133&COSM1140134&COSM12657&COSM49168&COSM520&COSM521&COSM522"
                                    
                                    data-ann[3][20]="-1"
                                    
                                    data-ann[3][22]="SNV"
                                    
                                    data-ann[3][23]="HGNC"
                                    
                                    data-ann[3][24]="HGNC:6407"
                                    
                                    data-ann[3][27]="1"
                                    
                                    data-ann[3][30]="ENSP00000451856"
                                    
                                    data-ann[3][32]="G3V4K2"
                                    
                                    data-ann[3][33]="UPI00001FB7B5"
                                    
                                    data-ann[3][34]="1"
                                    
                                    data-ann[3][35]="deleterious(0)"
                                    
                                    data-ann[3][36]="benign(0.039)"
                                    
                                    data-ann[3][37]="Low_complexity_(Seg):seg&PROSITE_profiles:PS51421&PANTHER:PTHR24070&PANTHER:PTHR24070:SF397&Pfam:PF00071&Gene3D:3.40.50.300&Superfamily:SSF52540&Prints:PR00449"
                                    
                                    data-ann[3][48]="4.011e-06"
                                    
                                    data-ann[3][49]="0"
                                    
                                    data-ann[3][50]="0"
                                    
                                    data-ann[3][51]="0"
                                    
                                    data-ann[3][52]="0"
                                    
                                    data-ann[3][53]="0"
                                    
                                    data-ann[3][54]="8.883e-06"
                                    
                                    data-ann[3][55]="0"
                                    
                                    data-ann[3][56]="0"
                                    
                                    data-ann[3][57]="8.883e-06"
                                    
                                    data-ann[3][58]="gnomAD_NFE"
                                    
                                    data-ann[3][59]="pathogenic&likely_pathogenic"
                                    
                                    data-ann[3][60]="0&1&1&1&1&1&1&1&1"
                                    
                                    data-ann[3][61]="1&1&1&1&1&1&1&1&1"
                                    
                                    data-ann[3][62]="25157968&19029981&22499344&17332249&21079152&2278970&3122217&12460918&16434492&19075190&22407852&17384584&18794081&19047918&19255327&19773371&23406027&22683711&19018267&21975775&17704260&15696205&16361624&16618717&18316791&19114683&19679400&20921462&20921465&21228335&19794967&21398618&23182985&7773929&8439212&15842656&17910045&19358724&19881948&20609353&20805368&20949522&21169357&22025163&22235099&22282465&22897852&23014527&25044103&26372703&27872090&29525983&30463544"
                                    
                                    data-ann[3][67]="0.19"
                                    
                                    data-ann[4][1]="T"
                                    
                                    data-ann[4][2]="missense_variant"
                                    
                                    data-ann[4][3]="MODERATE"
                                    
                                    data-ann[4][4]="KRAS"
                                    
                                    data-ann[4][5]="ENSG00000133703"
                                    
                                    data-ann[4][6]="Transcript"
                                    
                                    data-ann[4][7]="ENST00000557334"
                                    
                                    data-ann[4][8]="protein_coding"
                                    
                                    data-ann[4][9]="2/3"
                                    
                                    data-ann[4][11]="ENST00000557334.5:c.35G>A"
                                    
                                    data-ann[4][12]="ENSP00000452512.1:p.Gly12Asp"
                                    
                                    data-ann[4][13]="232"
                                    
                                    data-ann[4][14]="35"
                                    
                                    data-ann[4][15]="12"
                                    
                                    data-ann[4][16]="G/D"
                                    
                                    data-ann[4][17]="gGt/gAt"
                                    
                                    data-ann[4][18]="rs121913529&COSM1135366&COSM1140133&COSM1140134&COSM12657&COSM49168&COSM520&COSM521&COSM522"
                                    
                                    data-ann[4][20]="-1"
                                    
                                    data-ann[4][22]="SNV"
                                    
                                    data-ann[4][23]="HGNC"
                                    
                                    data-ann[4][24]="HGNC:6407"
                                    
                                    data-ann[4][27]="5"
                                    
                                    data-ann[4][30]="ENSP00000452512"
                                    
                                    data-ann[4][32]="G3V5T7"
                                    
                                    data-ann[4][33]="UPI00021CF477"
                                    
                                    data-ann[4][34]="1"
                                    
                                    data-ann[4][35]="deleterious_low_confidence(0)"
                                    
                                    data-ann[4][36]="probably_damaging(0.969)"
                                    
                                    data-ann[4][37]="Gene3D:3.40.50.300&Pfam:PF00071&Prints:PR00449&PROSITE_profiles:PS51421&PANTHER:PTHR24070&PANTHER:PTHR24070:SF186&SMART:SM00173&Superfamily:SSF52540&Low_complexity_(Seg):seg"
                                    
                                    data-ann[4][48]="4.011e-06"
                                    
                                    data-ann[4][49]="0"
                                    
                                    data-ann[4][50]="0"
                                    
                                    data-ann[4][51]="0"
                                    
                                    data-ann[4][52]="0"
                                    
                                    data-ann[4][53]="0"
                                    
                                    data-ann[4][54]="8.883e-06"
                                    
                                    data-ann[4][55]="0"
                                    
                                    data-ann[4][56]="0"
                                    
                                    data-ann[4][57]="8.883e-06"
                                    
                                    data-ann[4][58]="gnomAD_NFE"
                                    
                                    data-ann[4][59]="pathogenic&likely_pathogenic"
                                    
                                    data-ann[4][60]="0&1&1&1&1&1&1&1&1"
                                    
                                    data-ann[4][61]="1&1&1&1&1&1&1&1&1"
                                    
                                    data-ann[4][62]="25157968&19029981&22499344&17332249&21079152&2278970&3122217&12460918&16434492&19075190&22407852&17384584&18794081&19047918&19255327&19773371&23406027&22683711&19018267&21975775&17704260&15696205&16361624&16618717&18316791&19114683&19679400&20921462&20921465&21228335&19794967&21398618&23182985&7773929&8439212&15842656&17910045&19358724&19881948&20609353&20805368&20949522&21169357&22025163&22235099&22282465&22897852&23014527&25044103&26372703&27872090&29525983&30463544"
                                    
                                    data-ann[4][67]="0.19"
                                    
                            >
                                <th scope="row">chr1</th>
                                <td>.</td>
                                <td>14</td>
                                <td>C</td>
                                <td>T</td>
                                
                            </tr>
                            
                            </tbody>
                        </table>

                    </div>
                </div>
                <div class="row">
                    <div class="col-12" style="overflow: auto; height: calc(100vh - 450px);">
                    
                        
                        <nav>
                            <ul class="nav nav-tabs" id="sampleTabs" role="tablist">
                                
                                <li class="nav-item">
                                    <a class="nav-link active" id="tumor-tab" data-toggle="tab" href="#vistumor" role="tab" aria-controls="vistumor" aria-selected="true">a:tumor</a>
                                </li>
                                
                            </ul>
                        </nav>
                        <div class="tab-content" id="sampleTabContent">
                        
                        <div id="vistumor" class="tab-pane fade show active" role="tabpanel" aria-labelledby="tumor-tab">
                            <div id="vis1" class="justify-content-center" style="width: 100%; margin: 10px;"></div>
                        </div>
                        
                        </div>
                        
                    
                        <div id="loader-wrapper" class="d-flex justify-content-center text-primary" style="padding-top: 40px;">
                            <div class="spinner-border" role="status">
                                <span class="sr-only">Loading...</span>
                            </div>
                        </div>
                    </div>
                </div>
            </div>
            <div class="col-4"  style="overflow: auto; height: calc(100vh - 204px); margin-top: 59px;">
                <table id="sidebar" class="table table-hover table-sm">
                </table>
                <table id="ann-sidebar" class="table-sm" data-widht="100" data-toggle="table">
                </table>
                <div id="custom-sidebar">
                </div>
            </div>
        </div>
    </div>
</body>
</html>
