<!DOCTYPE html>
<html>
    <head>
        <meta charset="UTF-8">
        <link rel="stylesheet" type="text/css" href="../css/bootstrap.min.css">
        <link rel="stylesheet" type="text/css" href="../css/oncoprint.css">
        <title>Oncoprint (only recurrent genes)</title>
    </head>
    <body>
        <nav class="navbar navbar-expand-lg navbar-dark bg-dark">
            <a class="navbar-brand" href="#">rbt report</a>
            <div class="collapse navbar-collapse" id="navbarText">
                <ul class="navbar-nav mr-auto">
                    <li class="nav-item">
                    </li>
                    <li class="nav-item">
                        <a class="nav-link" href="https://github.com/rust-bio/rust-bio-tools">github</a>
                    </li>
                </ul>
                <span class="navbar-text">
                </span>
            </div>
        </nav>
        <nav aria-label="breadcrumb">
            <ol class="breadcrumb">
                <li class="breadcrumb-item active" aria-current="page">Oncoprint</li>
            </ol>
        </nav>
        <div>
            <a class="" data-toggle="modal" data-target="#gene-search">
                <svg width="1em" height="1em" viewBox="0 0 16 16" class="bi bi-search" fill="currentColor" xmlns="http://www.w3.org/2000/svg">
                    <path fill-rule="evenodd" d="M10.442 10.442a1 1 0 0 1 1.415 0l3.85 3.85a1 1 0 0 1-1.414 1.415l-3.85-3.85a1 1 0 0 1 0-1.415z"/>
                    <path fill-rule="evenodd" d="M6.5 12a5.5 5.5 0 1 0 0-11 5.5 5.5 0 0 0 0 11zM13 6.5a6.5 6.5 0 1 1-13 0 6.5 6.5 0 0 1 13 0z"/>
                </svg>
            </a>
        </div>
        <div id="oncoprint"></div>

        

        <div class="modal fade" id="gene-search" tabindex="-1" role="dialog" aria-hidden="true">
            <div class="modal-dialog modal-dialog-centered modal-md" role="document">
                <div class="modal-content">
                    <div class="modal-header">
                        <h5 class="modal-title">Prefix search for genes</h5>
                        <button type="button" class="close" data-dismiss="modal" aria-label="Close">
                            <span aria-hidden="true">&times;</span>
                        </button>
                    </div>
                    <div class="modal-body">
                        <iframe src="../prefixes/prefixes.html" frameBorder="0" style="width: 100%; height: min(530px, 50vh)"></iframe>
                    </div>
                    <div class="modal-footer">
                        <!-- <small class="mr-auto"><i>Lorem Ipsum.</i></small> -->
                        <button type="button" class="btn btn-secondary" data-dismiss="modal">Close</button>
                    </div>
                </div>
            </div>
        </div>

        <script src="../js/jquery.min.js"></script>
        <script src="../js/jsonm.min.js"></script>
        <script src="../js/vega.min.js"></script>
        <script src="../js/vega-lite.min.js"></script>
        <script src="../js/vega-embed.min.js"></script>
        <script src="../js/bootstrap.bundle.min.js"></script>
        <script>
            var order = ["KRAS"];
            var spec = ["$schema","datasets","autosize","spacing","resolve","vconcat","config","https://vega.github.io/schema/vega-lite/v4.json",["main","impact","ev","consequence","clin_sig","allel_frequency",[0,["sample","gene","variants","a","KRAS","SNV"],[17,18,19,"b",21,22]],[0,["count","key","value","4",21,"MODERATE"],[24,25,26,27,21,28]],[0,[24,25,26,27,21,"rs"],[24,25,26,27,21,29]],[0,[24,25,26,27,21,"missense_variant"],[24,25,26,27,21,30]],[0,[24,25,26,27,21,"likely_pathogenic"],[24,25,26,27,21,31],[24,25,26,27,21,"pathogenic"],[24,25,26,27,21,32]],[0,[17,25,16,"a:tumor",21,"0.6772879958152771"],[17,25,16,33,21,34],[17,25,16,33,21,34],[17,25,16,33,21,34],[17,25,16,"b:tumor",21,34],[17,25,16,35,21,34],[17,25,16,35,21,34],[17,25,16,35,21,34]]],["type","contains","fit","padding"],"30",["scale",["color","independent"]],[0,["data","selection","mark","height","encoding",["name",11],["brush",[36,"encodings","interval",[0,"x"]]],"bar","100",[53,"y",42,["field",36,41,"axis","sort",17,"ordinal",[],null,["op",57,"order","valid","count_variants","descending"]],[57,"aggregate",36,58,65,24,"quantitative",["title","count per group"]],[57,36,69,"legend",41,65,"nominal",19,61,["domain","range",36,[0,22,"MNV","DEL","INS","DUP","INV","BND","Replacement"],[0,"#a6cee3","#1f78b4","#e31a1c","#33a02c","#fb9a99","#b2df8a","#fdbf6f","#ff7f00"],60]]]],[6,"bounds",7,"hconcat",40,"flush",[41,[42,43]],[0,["layer",[0,[44,"transform",46,45,48,[49,11],[0,["filter",[45,50]]],[36,"size","opacity","square","350","1"],["highlight1",[36,"empty","on","fields","single","none","mouseover",[0,18]]],[53,56,"fillOpacity",42,"tooltip",[57,36,41,59,69,17,60,[73,[45,50]],[62,57,63,64,65,66],"group"],[57,36,59,18,60,[]],["condition",26,[45,26,101,"0.5"],100],[57,36,69,41,"variants1",72,19,[73,74,36,[0,22,75,76,77,78,79,80,81],[0,82,83,84,85,86,87,88,89],60]],[0,[57,36,17,72]]]],[44,94,46,45,48,[49,11],[0,[95,[45,50]]],[36,96,97,98,"250",100],["highlight2",[36,102,103,104,105,106,107,[0,18]]],[53,56,108,42,109,[57,36,41,59,17,60,[73,[45,50]],[62,57,63,64,65,66]],[57,36,59,18,60,[]],[111,26,[45,26,115,112],100],[57,36,69,41,"variants2",72,19,[73,74,36,[0,22,75,76,77,78,79,80,81],[0,82,83,84,85,86,87,88,89],60]],[0,[57,36,17,72]]]],[44,94,46,45,48,[49,11],[0,[95,[45,50]]],[36,96,97,98,"200",100],["highlight3",[36,102,103,104,105,106,107,[0,18]]],[53,56,108,42,109,[57,36,41,59,17,60,[73,[45,50]],[62,57,63,64,65,66]],[57,36,59,18,60,[]],[111,26,[45,26,118,112],100],[57,36,69,41,"variants3",72,19,[73,74,36,[0,22,75,76,77,78,79,80,81],[0,82,83,84,85,86,87,88,89],60]],[0,[57,36,17,72]]]],[44,94,46,45,48,[49,11],[0,[95,[45,50]]],[36,96,97,98,"170",100],["highlight4",[36,102,103,104,105,106,107,[0,18]]],[53,56,108,42,109,[57,36,41,59,17,60,[73,[45,50]],[62,57,63,64,65,66]],[57,36,59,18,60,[]],[111,26,[45,26,121,112],100],[57,36,69,41,"variants4",72,19,[73,74,36,[0,22,75,76,77,78,79,80,81],[0,82,83,84,85,86,87,88,89],60]],[0,[57,36,17,72]]]],[44,94,46,45,48,[49,11],[0,[95,[45,50]]],[36,96,97,98,"145",100],["highlight5",[36,102,103,104,105,106,107,[0,18]]],[53,56,108,42,109,[57,36,41,59,17,60,[73,[45,50]],[62,57,63,64,65,66]],[57,36,59,18,60,[]],[111,26,[45,26,124,112],100],[57,36,69,41,"variants5",72,19,[73,74,36,[0,22,75,76,77,78,79,80,81],[0,82,83,84,85,86,87,88,89],60]],[0,[57,36,17,72]]]],[44,94,46,45,48,[49,11],[0,[95,[45,50]]],[36,96,97,98,"120",100],["highlight6",[36,102,103,104,105,106,107,[0,18]]],[53,56,108,42,109,[57,36,41,59,17,60,[73,[45,50]],[62,57,63,64,65,66]],[57,36,59,18,60,[]],[111,26,[45,26,127,112],100],[57,36,69,41,"variants6",72,19,[73,74,36,[0,22,75,76,77,78,79,80,81],[0,82,83,84,85,86,87,88,89],60]],[0,[57,36,17,72]]]],[44,94,46,45,48,[49,11],[0,[95,[45,50]]],[36,96,97,98,"95",100],["highlight7",[36,102,103,104,105,106,107,[0,18]]],[53,56,108,42,109,[57,36,41,59,17,60,[73,[45,50]],[62,57,63,64,65,66]],[57,36,59,18,60,[]],[111,26,[45,26,130,112],100],[57,36,69,41,"variants7",72,19,[73,74,36,[0,22,75,76,77,78,79,80,81],[0,82,83,84,85,86,87,88,89],60]],[0,[57,36,17,72]]]],[44,46,45,48,[49,11],[36,96,97,98,"70",100],["highlight8",[36,102,103,104,105,106,107,[0,18]]],[53,56,108,42,109,[57,36,41,59,17,60,[73,[45,50]],[62,57,63,64,65,66]],[57,36,59,18,60,[]],[111,26,[45,26,133,112],100],[57,36,69,41,"variants8",72,19,[73,74,36,[0,22,75,76,77,78,79,80,81],[0,82,83,84,85,86,87,88,89],60]],[0,[57,36,17,72]]]]]],[44,46,"width",45,48,[49,11],54,55,["highlight_aggregate",[36,102,103,104,105,106,107,[0,18]]],[56,53,108,42,[57,36,59,58,18,60,[],61],[57,67,36,58,65,24,68,[69,"count per gene"]],[111,26,[45,26,136,112],100],[57,36,69,71,41,65,72,19,61,[73,74,36,[0,22,75,76,77,78,79,80,81],[0,82,83,84,85,86,87,88,89],60]]]],[44,46,135,45,48,[49,12],54,55,["highlight_impact",[36,102,103,104,105,106,107,[0,25]]],[56,53,108,42,[57,36,59,58,25,60,[],61],[57,67,"stack",36,58,24,"sum","normalize",68,[69,12]],[111,26,[45,26,138,112],100],[57,36,69,41,26,72,12,[73,74,36,[0,"HIGH",28,"LOW","MODIFIER","unknown"],[0,"#ec0000","#ec5300","#ec9b00","#ecca00","#d4d4d4"],60]]]],[44,46,135,45,48,[49,14],54,"160",["highlight_consequence",[36,102,103,104,105,106,107,[0,25]]],[56,53,108,42,[57,36,59,58,25,60,[],61],[57,67,139,36,58,24,140,141,68,[69,14]],[111,26,[45,26,152,112],100],[57,36,69,41,71,26,72,14,[73,74,36,[0,"transcript_ablation","splice_acceptor_variant","splice_donor_variant","stop_gained","frameshift_variant","stop_lost","start_lost","transcript_amplification","inframe_insertion","inframe_deletion",30,"protein_altering_variant","splice_region_variant","start_retained_variant","stop_retained_variant","synonymous_variant","coding_sequence_variant","mature_miRNA_variant","~5_prime_UTR_variant","~3_prime_UTR_variant","incomplete_terminal_codon_variant","non_coding_transcript_exon_variant","intron_variant","NMD_transcript_variant","non_coding_transcript_variant","upstream_gene_variant","downstream_gene_variant","TFBS_ablation","TFBS_amplification","TF_binding_site_variant","regulatory_region_ablation","regulatory_region_amplification","feature_elongation","regulatory_region_variant","feature_truncation","intergenic_variant",145],[0,"#809693","#FEFFE6","#1B4400","#4FC601","#3B5DFF","#4A3B53","#FF2F80","#61615A","#BA0900","#6B7900","#00C2A0","#FFAA92","#FF90C9","#B903AA","#D16100","#DDEFFF","#000035","#7B4F4B","#000000","#FFFF00","#1CE6FF","#FF34FF","#FF4A46","#008941","#006FA6","#A30059","#FFDBE5","#7A4900","#0000A6","#63FFAC","#B79762","#004D43","#8FB0FF","#997D87","#5A0007","#D4D4D4"],60],["symbolLimit","40"]]]],[44,46,135,45,48,[49,15],54,151,["highlight_clin_sig",[36,102,103,104,105,106,107,[0,25]]],[56,53,108,42,[57,36,59,58,25,60,[],61],[57,67,139,36,58,24,140,141,68,[69,"clinical significance"]],[111,26,[45,26,226,112],100],[57,36,69,41,26,72,227,[73,74,36,[0,"association","benign","drug_response","likely_benign",31,"not_provided","other",32,"protective","risk_factor","uncertain_significance","benign/likely_benign","likely_pathogenic/pathogenic","conflicting_interpretations_of_pathogenicity",145],[0,"#17becf","#e377c2","#ad494a","#e7ba52","#b3de69","#83bcb6","#e45756","#9e765f","#ce6dbd","#9edae5","#fdae6b",204,205,222,150],60]]]],[44,46,135,45,48,[49,16],"tick",55,["highlight_af",[36,102,103,104,105,106,107,[0,25]]],[56,53,108,42,109,[57,36,59,58,25,60,[],61],[57,36,58,16,68,[69,"allele frequency"]],[111,26,[45,26,252,112],100],[57,36,69,17,72,17],[0,[57,36,16,68]]]],[44,46,135,45,48,[49,13],54,55,["highlight_ev",[36,102,103,104,105,106,107,[0,25]]],[56,53,108,42,[57,36,59,58,25,60,[],61],[57,67,139,36,58,24,140,141,68,[69,"existing variations"]],[111,26,[45,26,254,112],100],[57,36,69,41,26,72,255,[73,74,36,[0,"COSM",29,145],[0,"#e41234","#9e225f",150],60]]]]]]],[71,["orient","direction","bottom","vertical"]],0];
            let samples = 2;
        </script>
        <script src="../js/report.js"></script>
    </body>
</html>
