<!doctype html>
<html lang="en">
<head>
    <title>rbt csv-report</title>
    <link rel="stylesheet" type="text/css" href="../css/bootstrap.min.css">
    <link rel="stylesheet" type="text/css" href="../css/bootstrap-table.min.css">
    <link rel="stylesheet" type="text/css" href="../css/csv_report.css">
</head>

<body>
<script src="../js/jquery.min.js"></script>
<script src="../js/bootstrap.bundle.min.js"></script>
<script src="../js/bootstrap-table.min.js"></script>
<script src="../js/vega.min.js"></script>
<script src="../js/vega-lite.min.js"></script>
<script src="../js/vega-embed.min.js"></script>
<script src="../js/csv_report.js"></script>

<script src="../plots/Index.js"></script>

<script src="../plots/Year.js"></script>

<script src="../plots/Age.js"></script>

<script src="../plots/Name.js"></script>

<script src="../plots/Movie.js"></script>

<nav class="navbar navbar-expand-lg navbar-dark bg-dark">
    <a class="navbar-brand" href="#">rbt report</a>
    <div class="collapse navbar-collapse" id="navbarText">
        <ul class="navbar-nav mr-auto">
            <li class="nav-item">
            </li>
            <li class="nav-item">
                <a class="nav-link" href="https://github.com/rust-bio/rust-bio-tools">github</a>
            </li>
        </ul>
        <span class="navbar-text">
        </span>
    </div>
</nav>
<nav class="navbar navbar-expand-lg navbar-light bg-light">
    <div class="collapse navbar-collapse" id="navbarText2">
        <ul class="navbar-nav mr-auto">
            <li><a href="index2.html">csv-report</a></li>
        </ul>
        <span class="pull-right">
            <a class="pull-right nav-link" href="../report.xlsx" download>
                <svg width="1em" height="1em" viewBox="0 0 16 16" class="bi bi-file-earmark-arrow-down-fill" fill="currentColor" xmlns="http://www.w3.org/2000/svg">
                    <path fill-rule="evenodd" d="M2 2a2 2 0 0 1 2-2h5.293A1 1 0 0 1 10 .293L13.707 4a1 1 0 0 1 .293.707V14a2 2 0 0 1-2 2H4a2 2 0 0 1-2-2V2zm7 2l.5-2.5 3 3L10 5a1 1 0 0 1-1-1zm-.5 3.5a.5.5 0 0 0-1 0v3.793l-1.146-1.147a.5.5 0 0 0-.708.708l2 2a.5.5 0 0 0 .708 0l2-2a.5.5 0 0 0-.708-.708L8.5 11.293V7.5z"/>
                </svg>
            </a>
        </span>
    </div>
</nav>
<div class="container-fluid">
    <div class="row">
        <div class="col-md-12 loading text-center">
            <div class="spinner-border" role="status">
                <span class="sr-only">Loading...</span>
            </div>
        </div>
        <div class="col-md-12 table-container" style="margin-top: 15px;">
            <table id="table" class="table table-hover" data-toggle="table" data-height="510" style="max-width: 90%;">
                <thead>
                <tr>
                    
                    <th style="white-space: nowrap;">Index
                        <a class="sym" data-toggle="modal" data-target="#Index" onclick="vegaEmbed('#Index_plot', Index_plot)">
                            <svg width="1em" height="1em" viewBox="0 0 16 16" class="bi bi-bar-chart-fill" fill="currentColor" xmlns="http://www.w3.org/2000/svg">
                                <rect width="4" height="5" x="1" y="10" rx="1"/>
                                <rect width="4" height="9" x="6" y="6" rx="1"/>
                                <rect width="4" height="14" x="11" y="1" rx="1"/>
                            </svg>
                        </a>
                        <a class="sym" data-toggle="modal" data-target="#Index-search">
                            <svg width="1em" height="1em" viewBox="0 0 16 16" class="bi bi-search" fill="currentColor" xmlns="http://www.w3.org/2000/svg">
                                <path fill-rule="evenodd" d="M10.442 10.442a1 1 0 0 1 1.415 0l3.85 3.85a1 1 0 0 1-1.414 1.415l-3.85-3.85a1 1 0 0 1 0-1.415z"/>
                                <path fill-rule="evenodd" d="M6.5 12a5.5 5.5 0 1 0 0-11 5.5 5.5 0 0 0 0 11zM13 6.5a6.5 6.5 0 1 1-13 0 6.5 6.5 0 0 1 13 0z"/>
                            </svg>
                        </a>
                    </th>
                    
                    <th style="white-space: nowrap;">Year
                        <a class="sym" data-toggle="modal" data-target="#Year" onclick="vegaEmbed('#Year_plot', Year_plot)">
                            <svg width="1em" height="1em" viewBox="0 0 16 16" class="bi bi-bar-chart-fill" fill="currentColor" xmlns="http://www.w3.org/2000/svg">
                                <rect width="4" height="5" x="1" y="10" rx="1"/>
                                <rect width="4" height="9" x="6" y="6" rx="1"/>
                                <rect width="4" height="14" x="11" y="1" rx="1"/>
                            </svg>
                        </a>
                        <a class="sym" data-toggle="modal" data-target="#Year-search">
                            <svg width="1em" height="1em" viewBox="0 0 16 16" class="bi bi-search" fill="currentColor" xmlns="http://www.w3.org/2000/svg">
                                <path fill-rule="evenodd" d="M10.442 10.442a1 1 0 0 1 1.415 0l3.85 3.85a1 1 0 0 1-1.414 1.415l-3.85-3.85a1 1 0 0 1 0-1.415z"/>
                                <path fill-rule="evenodd" d="M6.5 12a5.5 5.5 0 1 0 0-11 5.5 5.5 0 0 0 0 11zM13 6.5a6.5 6.5 0 1 1-13 0 6.5 6.5 0 0 1 13 0z"/>
                            </svg>
                        </a>
                    </th>
                    
                    <th style="white-space: nowrap;">Age
                        <a class="sym" data-toggle="modal" data-target="#Age" onclick="vegaEmbed('#Age_plot', Age_plot)">
                            <svg width="1em" height="1em" viewBox="0 0 16 16" class="bi bi-bar-chart-fill" fill="currentColor" xmlns="http://www.w3.org/2000/svg">
                                <rect width="4" height="5" x="1" y="10" rx="1"/>
                                <rect width="4" height="9" x="6" y="6" rx="1"/>
                                <rect width="4" height="14" x="11" y="1" rx="1"/>
                            </svg>
                        </a>
                        <a class="sym" data-toggle="modal" data-target="#Age-search">
                            <svg width="1em" height="1em" viewBox="0 0 16 16" class="bi bi-search" fill="currentColor" xmlns="http://www.w3.org/2000/svg">
                                <path fill-rule="evenodd" d="M10.442 10.442a1 1 0 0 1 1.415 0l3.85 3.85a1 1 0 0 1-1.414 1.415l-3.85-3.85a1 1 0 0 1 0-1.415z"/>
                                <path fill-rule="evenodd" d="M6.5 12a5.5 5.5 0 1 0 0-11 5.5 5.5 0 0 0 0 11zM13 6.5a6.5 6.5 0 1 1-13 0 6.5 6.5 0 0 1 13 0z"/>
                            </svg>
                        </a>
                    </th>
                    
                    <th style="white-space: nowrap;">Name
                        <a class="sym" data-toggle="modal" data-target="#Name" onclick="vegaEmbed('#Name_plot', Name_plot)">
                            <svg width="1em" height="1em" viewBox="0 0 16 16" class="bi bi-bar-chart-fill" fill="currentColor" xmlns="http://www.w3.org/2000/svg">
                                <rect width="4" height="5" x="1" y="10" rx="1"/>
                                <rect width="4" height="9" x="6" y="6" rx="1"/>
                                <rect width="4" height="14" x="11" y="1" rx="1"/>
                            </svg>
                        </a>
                        <a class="sym" data-toggle="modal" data-target="#Name-search">
                            <svg width="1em" height="1em" viewBox="0 0 16 16" class="bi bi-search" fill="currentColor" xmlns="http://www.w3.org/2000/svg">
                                <path fill-rule="evenodd" d="M10.442 10.442a1 1 0 0 1 1.415 0l3.85 3.85a1 1 0 0 1-1.414 1.415l-3.85-3.85a1 1 0 0 1 0-1.415z"/>
                                <path fill-rule="evenodd" d="M6.5 12a5.5 5.5 0 1 0 0-11 5.5 5.5 0 0 0 0 11zM13 6.5a6.5 6.5 0 1 1-13 0 6.5 6.5 0 0 1 13 0z"/>
                            </svg>
                        </a>
                    </th>
                    
                    <th style="white-space: nowrap;">Movie
                        <a class="sym" data-toggle="modal" data-target="#Movie" onclick="vegaEmbed('#Movie_plot', Movie_plot)">
                            <svg width="1em" height="1em" viewBox="0 0 16 16" class="bi bi-bar-chart-fill" fill="currentColor" xmlns="http://www.w3.org/2000/svg">
                                <rect width="4" height="5" x="1" y="10" rx="1"/>
                                <rect width="4" height="9" x="6" y="6" rx="1"/>
                                <rect width="4" height="14" x="11" y="1" rx="1"/>
                            </svg>
                        </a>
                        <a class="sym" data-toggle="modal" data-target="#Movie-search">
                            <svg width="1em" height="1em" viewBox="0 0 16 16" class="bi bi-search" fill="currentColor" xmlns="http://www.w3.org/2000/svg">
                                <path fill-rule="evenodd" d="M10.442 10.442a1 1 0 0 1 1.415 0l3.85 3.85a1 1 0 0 1-1.414 1.415l-3.85-3.85a1 1 0 0 1 0-1.415z"/>
                                <path fill-rule="evenodd" d="M6.5 12a5.5 5.5 0 1 0 0-11 5.5 5.5 0 0 0 0 11zM13 6.5a6.5 6.5 0 1 1-13 0 6.5 6.5 0 0 1 13 0z"/>
                            </svg>
                        </a>
                    </th>
                    
                </tr>
                </thead>
                <tbody>
                    
                    <tr class="wor" data-idx="0">
                        
                        <td>49</td>
                        
                        <td>1976</td>
                        
                        <td>41</td>
                        
                        <td>Louise Fletcher</td>
                        
                        <td>One Flew Over the Cuckoo's Nest</td>
                        
                    </tr>
                    
                    <tr class="wor" data-idx="1">
                        
                        <td>52</td>
                        
                        <td>1979</td>
                        
                        <td>41</td>
                        
                        <td>Jane Fonda</td>
                        
                        <td>Coming Home</td>
                        
                    </tr>
                    
                    <tr class="wor" data-idx="2">
                        
                        <td>61</td>
                        
                        <td>1988</td>
                        
                        <td>41</td>
                        
                        <td>Cher</td>
                        
                        <td>Moonstruck</td>
                        
                    </tr>
                    
                    <tr class="wor" data-idx="3">
                        
                        <td>18</td>
                        
                        <td>1945</td>
                        
                        <td>40</td>
                        
                        <td>Joan Crawford</td>
                        
                        <td>Mildred Pierce</td>
                        
                    </tr>
                    
                    <tr class="wor" data-idx="4">
                        
                        <td>32</td>
                        
                        <td>1959</td>
                        
                        <td>39</td>
                        
                        <td>Simone Signoret</td>
                        
                        <td>Room at the Top</td>
                        
                    </tr>
                    
                    <tr class="wor" data-idx="5">
                        
                        <td>70</td>
                        
                        <td>1997</td>
                        
                        <td>39</td>
                        
                        <td>Frances McDormand</td>
                        
                        <td>Fargo</td>
                        
                    </tr>
                    
                    <tr class="wor" data-idx="6">
                        
                        <td>15</td>
                        
                        <td>1942</td>
                        
                        <td>38</td>
                        
                        <td>Greer Garson</td>
                        
                        <td>Mrs. Miniver</td>
                        
                    </tr>
                    
                    <tr class="wor" data-idx="7">
                        
                        <td>24</td>
                        
                        <td>1951</td>
                        
                        <td>38</td>
                        
                        <td>Vivien Leigh</td>
                        
                        <td>A Streetcar Named Desire</td>
                        
                    </tr>
                    
                    <tr class="wor" data-idx="8">
                        
                        <td>58</td>
                        
                        <td>1985</td>
                        
                        <td>38</td>
                        
                        <td>Sally Field</td>
                        
                        <td>Places in the Heart</td>
                        
                    </tr>
                    
                    <tr class="wor" data-idx="9">
                        
                        <td>2</td>
                        
                        <td>1929</td>
                        
                        <td>37</td>
                        
                        <td>Mary Pickford</td>
                        
                        <td>Coquette</td>
                        
                    </tr>
                    
                    <tr class="wor" data-idx="10">
                        
                        <td>47</td>
                        
                        <td>1974</td>
                        
                        <td>37</td>
                        
                        <td>Glenda Jackson</td>
                        
                        <td>A Touch of Class</td>
                        
                    </tr>
                    
                    <tr class="wor" data-idx="11">
                        
                        <td>50</td>
                        
                        <td>1977</td>
                        
                        <td>36</td>
                        
                        <td>Faye Dunaway</td>
                        
                        <td>Network</td>
                        
                    </tr>
                    
                    <tr class="wor" data-idx="12">
                        
                        <td>67</td>
                        
                        <td>1994</td>
                        
                        <td>36</td>
                        
                        <td>Holly Hunter</td>
                        
                        <td>The Piano</td>
                        
                    </tr>
                    
                    <tr class="wor" data-idx="13">
                        
                        <td>20</td>
                        
                        <td>1947</td>
                        
                        <td>35</td>
                        
                        <td>Loretta Young</td>
                        
                        <td>The Farmer's Daughter</td>
                        
                    </tr>
                    
                    <tr class="wor" data-idx="14">
                        
                        <td>39</td>
                        
                        <td>1966</td>
                        
                        <td>35</td>
                        
                        <td>Elizabeth Taylor</td>
                        
                        <td>Who's Afraid of Virginia Woolf?</td>
                        
                    </tr>
                    
                    <tr class="wor" data-idx="15">
                        
                        <td>43</td>
                        
                        <td>1970</td>
                        
                        <td>35</td>
                        
                        <td>Maggie Smith</td>
                        
                        <td>The Prime of Miss Jean Brodie</td>
                        
                    </tr>
                    
                    <tr class="wor" data-idx="16">
                        
                        <td>75</td>
                        
                        <td>2002</td>
                        
                        <td>35</td>
                        
                        <td>Halle Berry</td>
                        
                        <td>Monster's Ball</td>
                        
                    </tr>
                    
                    <tr class="wor" data-idx="17">
                        
                        <td>76</td>
                        
                        <td>2003</td>
                        
                        <td>35</td>
                        
                        <td>Nicole Kidman</td>
                        
                        <td>The Hours</td>
                        
                    </tr>
                    
                    <tr class="wor" data-idx="18">
                        
                        <td>44</td>
                        
                        <td>1971</td>
                        
                        <td>34</td>
                        
                        <td>Glenda Jackson</td>
                        
                        <td>Women in Love</td>
                        
                    </tr>
                    
                    <tr class="wor" data-idx="19">
                        
                        <td>45</td>
                        
                        <td>1972</td>
                        
                        <td>34</td>
                        
                        <td>Jane Fonda</td>
                        
                        <td>Klute</td>
                        
                    </tr>
                    
                </tbody>
            </table>
        </div>
    </div>
    <div class="row">
        <div class="col-md-12">
        
        <div style="padding-top: 1rem">
            <nav aria-label="page navigation">
                <ul class="pagination justify-content-start">
                    
                    
                    <li class="page-item"><a class="page-link" href="index1.html">1</a></li>
                    
                    <li class="page-item active"><a class="page-link" href="index2.html">2</a></li>
                    
                    <li class="page-item"><a class="page-link" href="index3.html">3</a></li>
                    
                    <li class="page-item disabled"><a class="page-link" href="">...</a></li>
                    <li class="page-item"><a class="page-link" href="index5.html">Last</a></li>
                    
                    
                </ul>
            </nav>
        </div>
        
        </div>
    </div>
    <!-- Modal -->
    
    <div class="modal fade" id="Index" tabindex="-1" role="dialog" aria-hidden="true">
        <div class="modal-dialog modal-dialog-centered modal-lg" role="document">
            <div class="modal-content">
                <div class="modal-header">
                    <h5 class="modal-title">Index</h5>
                    <button type="button" class="close" data-dismiss="modal" aria-label="Close">
                        <span aria-hidden="true">&times;</span>
                    </button>
                </div>
                <div class="modal-body">
                    <div id="Index_plot" style="width: 100%; height: 300px; border:none;">
                    </div>
                </div>
                <div class="modal-footer">
                    <button type="button" class="btn btn-secondary" data-dismiss="modal">Close</button>
                </div>
            </div>
        </div>
    </div>
    <div class="modal fade" id="Index-search" tabindex="-1" role="dialog" aria-hidden="true">
        <div class="modal-dialog modal-dialog-centered modal-md" role="document">
            <div class="modal-content">
                <div class="modal-header">
                    <h5 class="modal-title">Search for Index</h5>
                    <button type="button" class="close" data-dismiss="modal" aria-label="Close">
                        <span aria-hidden="true">&times;</span>
                    </button>
                </div>
                <div class="modal-body">
                    <iframe src="../prefixes/Index.html" frameBorder="0" style="width: 100%; height: min(530px, 50vh)"></iframe>
                </div>
                <div class="modal-footer">
                    <button type="button" class="btn btn-secondary" data-dismiss="modal">Close</button>
                </div>
            </div>
        </div>
    </div>
    
    <div class="modal fade" id="Year" tabindex="-1" role="dialog" aria-hidden="true">
        <div class="modal-dialog modal-dialog-centered modal-lg" role="document">
            <div class="modal-content">
                <div class="modal-header">
                    <h5 class="modal-title">Year</h5>
                    <button type="button" class="close" data-dismiss="modal" aria-label="Close">
                        <span aria-hidden="true">&times;</span>
                    </button>
                </div>
                <div class="modal-body">
                    <div id="Year_plot" style="width: 100%; height: 300px; border:none;">
                    </div>
                </div>
                <div class="modal-footer">
                    <button type="button" class="btn btn-secondary" data-dismiss="modal">Close</button>
                </div>
            </div>
        </div>
    </div>
    <div class="modal fade" id="Year-search" tabindex="-1" role="dialog" aria-hidden="true">
        <div class="modal-dialog modal-dialog-centered modal-md" role="document">
            <div class="modal-content">
                <div class="modal-header">
                    <h5 class="modal-title">Search for Year</h5>
                    <button type="button" class="close" data-dismiss="modal" aria-label="Close">
                        <span aria-hidden="true">&times;</span>
                    </button>
                </div>
                <div class="modal-body">
                    <iframe src="../prefixes/Year.html" frameBorder="0" style="width: 100%; height: min(530px, 50vh)"></iframe>
                </div>
                <div class="modal-footer">
                    <button type="button" class="btn btn-secondary" data-dismiss="modal">Close</button>
                </div>
            </div>
        </div>
    </div>
    
    <div class="modal fade" id="Age" tabindex="-1" role="dialog" aria-hidden="true">
        <div class="modal-dialog modal-dialog-centered modal-lg" role="document">
            <div class="modal-content">
                <div class="modal-header">
                    <h5 class="modal-title">Age</h5>
                    <button type="button" class="close" data-dismiss="modal" aria-label="Close">
                        <span aria-hidden="true">&times;</span>
                    </button>
                </div>
                <div class="modal-body">
                    <div id="Age_plot" style="width: 100%; height: 300px; border:none;">
                    </div>
                </div>
                <div class="modal-footer">
                    <button type="button" class="btn btn-secondary" data-dismiss="modal">Close</button>
                </div>
            </div>
        </div>
    </div>
    <div class="modal fade" id="Age-search" tabindex="-1" role="dialog" aria-hidden="true">
        <div class="modal-dialog modal-dialog-centered modal-md" role="document">
            <div class="modal-content">
                <div class="modal-header">
                    <h5 class="modal-title">Search for Age</h5>
                    <button type="button" class="close" data-dismiss="modal" aria-label="Close">
                        <span aria-hidden="true">&times;</span>
                    </button>
                </div>
                <div class="modal-body">
                    <iframe src="../prefixes/Age.html" frameBorder="0" style="width: 100%; height: min(530px, 50vh)"></iframe>
                </div>
                <div class="modal-footer">
                    <button type="button" class="btn btn-secondary" data-dismiss="modal">Close</button>
                </div>
            </div>
        </div>
    </div>
    
    <div class="modal fade" id="Name" tabindex="-1" role="dialog" aria-hidden="true">
        <div class="modal-dialog modal-dialog-centered modal-lg" role="document">
            <div class="modal-content">
                <div class="modal-header">
                    <h5 class="modal-title">Name</h5>
                    <button type="button" class="close" data-dismiss="modal" aria-label="Close">
                        <span aria-hidden="true">&times;</span>
                    </button>
                </div>
                <div class="modal-body">
                    <div id="Name_plot" style="width: 100%; height: 300px; border:none;">
                    </div>
                </div>
                <div class="modal-footer">
                    <button type="button" class="btn btn-secondary" data-dismiss="modal">Close</button>
                </div>
            </div>
        </div>
    </div>
    <div class="modal fade" id="Name-search" tabindex="-1" role="dialog" aria-hidden="true">
        <div class="modal-dialog modal-dialog-centered modal-md" role="document">
            <div class="modal-content">
                <div class="modal-header">
                    <h5 class="modal-title">Search for Name</h5>
                    <button type="button" class="close" data-dismiss="modal" aria-label="Close">
                        <span aria-hidden="true">&times;</span>
                    </button>
                </div>
                <div class="modal-body">
                    <iframe src="../prefixes/Name.html" frameBorder="0" style="width: 100%; height: min(530px, 50vh)"></iframe>
                </div>
                <div class="modal-footer">
                    <button type="button" class="btn btn-secondary" data-dismiss="modal">Close</button>
                </div>
            </div>
        </div>
    </div>
    
    <div class="modal fade" id="Movie" tabindex="-1" role="dialog" aria-hidden="true">
        <div class="modal-dialog modal-dialog-centered modal-lg" role="document">
            <div class="modal-content">
                <div class="modal-header">
                    <h5 class="modal-title">Movie</h5>
                    <button type="button" class="close" data-dismiss="modal" aria-label="Close">
                        <span aria-hidden="true">&times;</span>
                    </button>
                </div>
                <div class="modal-body">
                    <div id="Movie_plot" style="width: 100%; height: 300px; border:none;">
                    </div>
                </div>
                <div class="modal-footer">
                    <button type="button" class="btn btn-secondary" data-dismiss="modal">Close</button>
                </div>
            </div>
        </div>
    </div>
    <div class="modal fade" id="Movie-search" tabindex="-1" role="dialog" aria-hidden="true">
        <div class="modal-dialog modal-dialog-centered modal-md" role="document">
            <div class="modal-content">
                <div class="modal-header">
                    <h5 class="modal-title">Search for Movie</h5>
                    <button type="button" class="close" data-dismiss="modal" aria-label="Close">
                        <span aria-hidden="true">&times;</span>
                    </button>
                </div>
                <div class="modal-body">
                    <iframe src="../prefixes/Movie.html" frameBorder="0" style="width: 100%; height: min(530px, 50vh)"></iframe>
                </div>
                <div class="modal-footer">
                    <button type="button" class="btn btn-secondary" data-dismiss="modal">Close</button>
                </div>
            </div>
        </div>
    </div>
    
</div>
</body>
</html>
