<!doctype html>
<html lang="en">
<head>
    <title>rbt csv-report</title>
    <link rel="stylesheet" type="text/css" href="../css/bootstrap.min.css">
    <link rel="stylesheet" type="text/css" href="../css/bootstrap-table.min.css">
    <link rel="stylesheet" type="text/css" href="../css/csv_report.css">
</head>

<body>
<script src="../js/jquery.min.js"></script>
<script src="../js/bootstrap.bundle.min.js"></script>
<script src="../js/bootstrap-table.min.js"></script>
<script src="../js/vega.min.js"></script>
<script src="../js/vega-lite.min.js"></script>
<script src="../js/vega-embed.min.js"></script>
<script src="../js/csv_report.js"></script>

<script src="../plots/Index.js"></script>

<script src="../plots/Year.js"></script>

<script src="../plots/Age.js"></script>

<script src="../plots/Name.js"></script>

<script src="../plots/Movie.js"></script>

<nav class="navbar navbar-expand-lg navbar-dark bg-dark">
    <a class="navbar-brand" href="#">rbt report</a>
    <div class="collapse navbar-collapse" id="navbarText">
        <ul class="navbar-nav mr-auto">
            <li class="nav-item">
            </li>
            <li class="nav-item">
                <a class="nav-link" href="https://github.com/rust-bio/rust-bio-tools">github</a>
            </li>
        </ul>
        <span class="navbar-text">
        </span>
    </div>
</nav>
<nav class="navbar navbar-expand-lg navbar-light bg-light">
    <div class="collapse navbar-collapse" id="navbarText2">
        <ul class="navbar-nav mr-auto">
            <li><a href="index4.html">csv-report</a></li>
        </ul>
        <span class="pull-right">
            <a class="pull-right nav-link" href="../report.xlsx" download>
                <svg width="1em" height="1em" viewBox="0 0 16 16" class="bi bi-file-earmark-arrow-down-fill" fill="currentColor" xmlns="http://www.w3.org/2000/svg">
                    <path fill-rule="evenodd" d="M2 2a2 2 0 0 1 2-2h5.293A1 1 0 0 1 10 .293L13.707 4a1 1 0 0 1 .293.707V14a2 2 0 0 1-2 2H4a2 2 0 0 1-2-2V2zm7 2l.5-2.5 3 3L10 5a1 1 0 0 1-1-1zm-.5 3.5a.5.5 0 0 0-1 0v3.793l-1.146-1.147a.5.5 0 0 0-.708.708l2 2a.5.5 0 0 0 .708 0l2-2a.5.5 0 0 0-.708-.708L8.5 11.293V7.5z"/>
                </svg>
            </a>
        </span>
    </div>
</nav>
<div class="container-fluid">
    <div class="row">
        <div class="col-md-12 loading text-center">
            <div class="spinner-border" role="status">
                <span class="sr-only">Loading...</span>
            </div>
        </div>
        <div class="col-md-12 table-container" style="margin-top: 15px;">
            <table id="table" class="table table-hover" data-toggle="table" data-height="510" style="max-width: 90%;">
                <thead>
                <tr>
                    
                    <th style="white-space: nowrap;">Index
                        <a class="sym" data-toggle="modal" data-target="#Index" onclick="vegaEmbed('#Index_plot', Index_plot)">
                            <svg width="1em" height="1em" viewBox="0 0 16 16" class="bi bi-bar-chart-fill" fill="currentColor" xmlns="http://www.w3.org/2000/svg">
                                <rect width="4" height="5" x="1" y="10" rx="1"/>
                                <rect width="4" height="9" x="6" y="6" rx="1"/>
                                <rect width="4" height="14" x="11" y="1" rx="1"/>
                            </svg>
                        </a>
                        <a class="sym" data-toggle="modal" data-target="#Index-search">
                            <svg width="1em" height="1em" viewBox="0 0 16 16" class="bi bi-search" fill="currentColor" xmlns="http://www.w3.org/2000/svg">
                                <path fill-rule="evenodd" d="M10.442 10.442a1 1 0 0 1 1.415 0l3.85 3.85a1 1 0 0 1-1.414 1.415l-3.85-3.85a1 1 0 0 1 0-1.415z"/>
                                <path fill-rule="evenodd" d="M6.5 12a5.5 5.5 0 1 0 0-11 5.5 5.5 0 0 0 0 11zM13 6.5a6.5 6.5 0 1 1-13 0 6.5 6.5 0 0 1 13 0z"/>
                            </svg>
                        </a>
                    </th>
                    
                    <th style="white-space: nowrap;">Year
                        <a class="sym" data-toggle="modal" data-target="#Year" onclick="vegaEmbed('#Year_plot', Year_plot)">
                            <svg width="1em" height="1em" viewBox="0 0 16 16" class="bi bi-bar-chart-fill" fill="currentColor" xmlns="http://www.w3.org/2000/svg">
                                <rect width="4" height="5" x="1" y="10" rx="1"/>
                                <rect width="4" height="9" x="6" y="6" rx="1"/>
                                <rect width="4" height="14" x="11" y="1" rx="1"/>
                            </svg>
                        </a>
                        <a class="sym" data-toggle="modal" data-target="#Year-search">
                            <svg width="1em" height="1em" viewBox="0 0 16 16" class="bi bi-search" fill="currentColor" xmlns="http://www.w3.org/2000/svg">
                                <path fill-rule="evenodd" d="M10.442 10.442a1 1 0 0 1 1.415 0l3.85 3.85a1 1 0 0 1-1.414 1.415l-3.85-3.85a1 1 0 0 1 0-1.415z"/>
                                <path fill-rule="evenodd" d="M6.5 12a5.5 5.5 0 1 0 0-11 5.5 5.5 0 0 0 0 11zM13 6.5a6.5 6.5 0 1 1-13 0 6.5 6.5 0 0 1 13 0z"/>
                            </svg>
                        </a>
                    </th>
                    
                    <th style="white-space: nowrap;">Age
                        <a class="sym" data-toggle="modal" data-target="#Age" onclick="vegaEmbed('#Age_plot', Age_plot)">
                            <svg width="1em" height="1em" viewBox="0 0 16 16" class="bi bi-bar-chart-fill" fill="currentColor" xmlns="http://www.w3.org/2000/svg">
                                <rect width="4" height="5" x="1" y="10" rx="1"/>
                                <rect width="4" height="9" x="6" y="6" rx="1"/>
                                <rect width="4" height="14" x="11" y="1" rx="1"/>
                            </svg>
                        </a>
                        <a class="sym" data-toggle="modal" data-target="#Age-search">
                            <svg width="1em" height="1em" viewBox="0 0 16 16" class="bi bi-search" fill="currentColor" xmlns="http://www.w3.org/2000/svg">
                                <path fill-rule="evenodd" d="M10.442 10.442a1 1 0 0 1 1.415 0l3.85 3.85a1 1 0 0 1-1.414 1.415l-3.85-3.85a1 1 0 0 1 0-1.415z"/>
                                <path fill-rule="evenodd" d="M6.5 12a5.5 5.5 0 1 0 0-11 5.5 5.5 0 0 0 0 11zM13 6.5a6.5 6.5 0 1 1-13 0 6.5 6.5 0 0 1 13 0z"/>
                            </svg>
                        </a>
                    </th>
                    
                    <th style="white-space: nowrap;">Name
                        <a class="sym" data-toggle="modal" data-target="#Name" onclick="vegaEmbed('#Name_plot', Name_plot)">
                            <svg width="1em" height="1em" viewBox="0 0 16 16" class="bi bi-bar-chart-fill" fill="currentColor" xmlns="http://www.w3.org/2000/svg">
                                <rect width="4" height="5" x="1" y="10" rx="1"/>
                                <rect width="4" height="9" x="6" y="6" rx="1"/>
                                <rect width="4" height="14" x="11" y="1" rx="1"/>
                            </svg>
                        </a>
                        <a class="sym" data-toggle="modal" data-target="#Name-search">
                            <svg width="1em" height="1em" viewBox="0 0 16 16" class="bi bi-search" fill="currentColor" xmlns="http://www.w3.org/2000/svg">
                                <path fill-rule="evenodd" d="M10.442 10.442a1 1 0 0 1 1.415 0l3.85 3.85a1 1 0 0 1-1.414 1.415l-3.85-3.85a1 1 0 0 1 0-1.415z"/>
                                <path fill-rule="evenodd" d="M6.5 12a5.5 5.5 0 1 0 0-11 5.5 5.5 0 0 0 0 11zM13 6.5a6.5 6.5 0 1 1-13 0 6.5 6.5 0 0 1 13 0z"/>
                            </svg>
                        </a>
                    </th>
                    
                    <th style="white-space: nowrap;">Movie
                        <a class="sym" data-toggle="modal" data-target="#Movie" onclick="vegaEmbed('#Movie_plot', Movie_plot)">
                            <svg width="1em" height="1em" viewBox="0 0 16 16" class="bi bi-bar-chart-fill" fill="currentColor" xmlns="http://www.w3.org/2000/svg">
                                <rect width="4" height="5" x="1" y="10" rx="1"/>
                                <rect width="4" height="9" x="6" y="6" rx="1"/>
                                <rect width="4" height="14" x="11" y="1" rx="1"/>
                            </svg>
                        </a>
                        <a class="sym" data-toggle="modal" data-target="#Movie-search">
                            <svg width="1em" height="1em" viewBox="0 0 16 16" class="bi bi-search" fill="currentColor" xmlns="http://www.w3.org/2000/svg">
                                <path fill-rule="evenodd" d="M10.442 10.442a1 1 0 0 1 1.415 0l3.85 3.85a1 1 0 0 1-1.414 1.415l-3.85-3.85a1 1 0 0 1 0-1.415z"/>
                                <path fill-rule="evenodd" d="M6.5 12a5.5 5.5 0 1 0 0-11 5.5 5.5 0 0 0 0 11zM13 6.5a6.5 6.5 0 1 1-13 0 6.5 6.5 0 0 1 13 0z"/>
                            </svg>
                        </a>
                    </th>
                    
                </tr>
                </thead>
                <tbody>
                    
                    <tr class="wor" data-idx="0">
                        
                        <td>23</td>
                        
                        <td>1950</td>
                        
                        <td>29</td>
                        
                        <td>Judy Holliday</td>
                        
                        <td>Born Yesterday</td>
                        
                    </tr>
                    
                    <tr class="wor" data-idx="1">
                        
                        <td>33</td>
                        
                        <td>1960</td>
                        
                        <td>29</td>
                        
                        <td>Elizabeth Taylor</td>
                        
                        <td>BUtterfield8</td>
                        
                    </tr>
                    
                    <tr class="wor" data-idx="2">
                        
                        <td>37</td>
                        
                        <td>1964</td>
                        
                        <td>29</td>
                        
                        <td>Julie Andrews</td>
                        
                        <td>Mary Poppins</td>
                        
                    </tr>
                    
                    <tr class="wor" data-idx="3">
                        
                        <td>65</td>
                        
                        <td>1992</td>
                        
                        <td>29</td>
                        
                        <td>Jodie Foster</td>
                        
                        <td>The Silence of the Lambs</td>
                        
                    </tr>
                    
                    <tr class="wor" data-idx="4">
                        
                        <td>79</td>
                        
                        <td>2006</td>
                        
                        <td>29</td>
                        
                        <td>Reese Witherspoon</td>
                        
                        <td>Walk the Line</td>
                        
                    </tr>
                    
                    <tr class="wor" data-idx="5">
                        
                        <td>84</td>
                        
                        <td>2011</td>
                        
                        <td>29</td>
                        
                        <td>Natalie Portman</td>
                        
                        <td>Black Swan</td>
                        
                    </tr>
                    
                    <tr class="wor" data-idx="6">
                        
                        <td>3</td>
                        
                        <td>1930</td>
                        
                        <td>28</td>
                        
                        <td>Norma Shearer</td>
                        
                        <td>The Divorcee</td>
                        
                    </tr>
                    
                    <tr class="wor" data-idx="7">
                        
                        <td>10</td>
                        
                        <td>1937</td>
                        
                        <td>28</td>
                        
                        <td>Luise Rainer</td>
                        
                        <td>The Good Earth</td>
                        
                    </tr>
                    
                    <tr class="wor" data-idx="8">
                        
                        <td>30</td>
                        
                        <td>1957</td>
                        
                        <td>28</td>
                        
                        <td>Joanne Woodward</td>
                        
                        <td>The Three Faces of Eve</td>
                        
                    </tr>
                    
                    <tr class="wor" data-idx="9">
                        
                        <td>77</td>
                        
                        <td>2004</td>
                        
                        <td>28</td>
                        
                        <td>Charlize Theron</td>
                        
                        <td>Monster</td>
                        
                    </tr>
                    
                    <tr class="wor" data-idx="10">
                        
                        <td>8</td>
                        
                        <td>1935</td>
                        
                        <td>27</td>
                        
                        <td>Bette Davis</td>
                        
                        <td>Dangerous</td>
                        
                    </tr>
                    
                    <tr class="wor" data-idx="11">
                        
                        <td>9</td>
                        
                        <td>1936</td>
                        
                        <td>27</td>
                        
                        <td>Luise Rainer</td>
                        
                        <td>The Great Ziegfeld</td>
                        
                    </tr>
                    
                    <tr class="wor" data-idx="12">
                        
                        <td>34</td>
                        
                        <td>1961</td>
                        
                        <td>27</td>
                        
                        <td>Sophia Loren</td>
                        
                        <td>Two Women</td>
                        
                    </tr>
                    
                    <tr class="wor" data-idx="13">
                        
                        <td>46</td>
                        
                        <td>1973</td>
                        
                        <td>27</td>
                        
                        <td>Liza Minnelli</td>
                        
                        <td>Cabaret</td>
                        
                    </tr>
                    
                    <tr class="wor" data-idx="14">
                        
                        <td>6</td>
                        
                        <td>1933</td>
                        
                        <td>26</td>
                        
                        <td>Katharine Hepburn</td>
                        
                        <td>Morning Glory</td>
                        
                    </tr>
                    
                    <tr class="wor" data-idx="15">
                        
                        <td>12</td>
                        
                        <td>1939</td>
                        
                        <td>26</td>
                        
                        <td>Vivien Leigh</td>
                        
                        <td>Gone with the Wind</td>
                        
                    </tr>
                    
                    <tr class="wor" data-idx="16">
                        
                        <td>42</td>
                        
                        <td>1969</td>
                        
                        <td>26</td>
                        
                        <td>Barbra Streisand</td>
                        
                        <td>Funny Girl</td>
                        
                    </tr>
                    
                    <tr class="wor" data-idx="17">
                        
                        <td>62</td>
                        
                        <td>1989</td>
                        
                        <td>26</td>
                        
                        <td>Jodie Foster</td>
                        
                        <td>The Accused</td>
                        
                    </tr>
                    
                    <tr class="wor" data-idx="18">
                        
                        <td>72</td>
                        
                        <td>1999</td>
                        
                        <td>26</td>
                        
                        <td>Gwyneth Paltrow</td>
                        
                        <td>Shakespeare in Love</td>
                        
                    </tr>
                    
                    <tr class="wor" data-idx="19">
                        
                        <td>89</td>
                        
                        <td>2016</td>
                        
                        <td>26</td>
                        
                        <td>Brie Larson</td>
                        
                        <td>Room</td>
                        
                    </tr>
                    
                </tbody>
            </table>
        </div>
    </div>
    <div class="row">
        <div class="col-md-12">
        
        <div style="padding-top: 1rem">
            <nav aria-label="page navigation">
                <ul class="pagination justify-content-start">
                    
                    
                    <li class="page-item"><a class="page-link" href="index1.html">First</a></li>
                    <li class="page-item disabled"><a class="page-link" href="">...</a></li>
                    
                    <li class="page-item"><a class="page-link" href="index3.html">3</a></li>
                    
                    <li class="page-item active"><a class="page-link" href="index4.html">4</a></li>
                    
                    <li class="page-item"><a class="page-link" href="index5.html">5</a></li>
                    
                    
                </ul>
            </nav>
        </div>
        
        </div>
    </div>
    <!-- Modal -->
    
    <div class="modal fade" id="Index" tabindex="-1" role="dialog" aria-hidden="true">
        <div class="modal-dialog modal-dialog-centered modal-lg" role="document">
            <div class="modal-content">
                <div class="modal-header">
                    <h5 class="modal-title">Index</h5>
                    <button type="button" class="close" data-dismiss="modal" aria-label="Close">
                        <span aria-hidden="true">&times;</span>
                    </button>
                </div>
                <div class="modal-body">
                    <div id="Index_plot" style="width: 100%; height: 300px; border:none;">
                    </div>
                </div>
                <div class="modal-footer">
                    <button type="button" class="btn btn-secondary" data-dismiss="modal">Close</button>
                </div>
            </div>
        </div>
    </div>
    <div class="modal fade" id="Index-search" tabindex="-1" role="dialog" aria-hidden="true">
        <div class="modal-dialog modal-dialog-centered modal-md" role="document">
            <div class="modal-content">
                <div class="modal-header">
                    <h5 class="modal-title">Search for Index</h5>
                    <button type="button" class="close" data-dismiss="modal" aria-label="Close">
                        <span aria-hidden="true">&times;</span>
                    </button>
                </div>
                <div class="modal-body">
                    <iframe src="../prefixes/Index.html" frameBorder="0" style="width: 100%; height: min(530px, 50vh)"></iframe>
                </div>
                <div class="modal-footer">
                    <button type="button" class="btn btn-secondary" data-dismiss="modal">Close</button>
                </div>
            </div>
        </div>
    </div>
    
    <div class="modal fade" id="Year" tabindex="-1" role="dialog" aria-hidden="true">
        <div class="modal-dialog modal-dialog-centered modal-lg" role="document">
            <div class="modal-content">
                <div class="modal-header">
                    <h5 class="modal-title">Year</h5>
                    <button type="button" class="close" data-dismiss="modal" aria-label="Close">
                        <span aria-hidden="true">&times;</span>
                    </button>
                </div>
                <div class="modal-body">
                    <div id="Year_plot" style="width: 100%; height: 300px; border:none;">
                    </div>
                </div>
                <div class="modal-footer">
                    <button type="button" class="btn btn-secondary" data-dismiss="modal">Close</button>
                </div>
            </div>
        </div>
    </div>
    <div class="modal fade" id="Year-search" tabindex="-1" role="dialog" aria-hidden="true">
        <div class="modal-dialog modal-dialog-centered modal-md" role="document">
            <div class="modal-content">
                <div class="modal-header">
                    <h5 class="modal-title">Search for Year</h5>
                    <button type="button" class="close" data-dismiss="modal" aria-label="Close">
                        <span aria-hidden="true">&times;</span>
                    </button>
                </div>
                <div class="modal-body">
                    <iframe src="../prefixes/Year.html" frameBorder="0" style="width: 100%; height: min(530px, 50vh)"></iframe>
                </div>
                <div class="modal-footer">
                    <button type="button" class="btn btn-secondary" data-dismiss="modal">Close</button>
                </div>
            </div>
        </div>
    </div>
    
    <div class="modal fade" id="Age" tabindex="-1" role="dialog" aria-hidden="true">
        <div class="modal-dialog modal-dialog-centered modal-lg" role="document">
            <div class="modal-content">
                <div class="modal-header">
                    <h5 class="modal-title">Age</h5>
                    <button type="button" class="close" data-dismiss="modal" aria-label="Close">
                        <span aria-hidden="true">&times;</span>
                    </button>
                </div>
                <div class="modal-body">
                    <div id="Age_plot" style="width: 100%; height: 300px; border:none;">
                    </div>
                </div>
                <div class="modal-footer">
                    <button type="button" class="btn btn-secondary" data-dismiss="modal">Close</button>
                </div>
            </div>
        </div>
    </div>
    <div class="modal fade" id="Age-search" tabindex="-1" role="dialog" aria-hidden="true">
        <div class="modal-dialog modal-dialog-centered modal-md" role="document">
            <div class="modal-content">
                <div class="modal-header">
                    <h5 class="modal-title">Search for Age</h5>
                    <button type="button" class="close" data-dismiss="modal" aria-label="Close">
                        <span aria-hidden="true">&times;</span>
                    </button>
                </div>
                <div class="modal-body">
                    <iframe src="../prefixes/Age.html" frameBorder="0" style="width: 100%; height: min(530px, 50vh)"></iframe>
                </div>
                <div class="modal-footer">
                    <button type="button" class="btn btn-secondary" data-dismiss="modal">Close</button>
                </div>
            </div>
        </div>
    </div>
    
    <div class="modal fade" id="Name" tabindex="-1" role="dialog" aria-hidden="true">
        <div class="modal-dialog modal-dialog-centered modal-lg" role="document">
            <div class="modal-content">
                <div class="modal-header">
                    <h5 class="modal-title">Name</h5>
                    <button type="button" class="close" data-dismiss="modal" aria-label="Close">
                        <span aria-hidden="true">&times;</span>
                    </button>
                </div>
                <div class="modal-body">
                    <div id="Name_plot" style="width: 100%; height: 300px; border:none;">
                    </div>
                </div>
                <div class="modal-footer">
                    <button type="button" class="btn btn-secondary" data-dismiss="modal">Close</button>
                </div>
            </div>
        </div>
    </div>
    <div class="modal fade" id="Name-search" tabindex="-1" role="dialog" aria-hidden="true">
        <div class="modal-dialog modal-dialog-centered modal-md" role="document">
            <div class="modal-content">
                <div class="modal-header">
                    <h5 class="modal-title">Search for Name</h5>
                    <button type="button" class="close" data-dismiss="modal" aria-label="Close">
                        <span aria-hidden="true">&times;</span>
                    </button>
                </div>
                <div class="modal-body">
                    <iframe src="../prefixes/Name.html" frameBorder="0" style="width: 100%; height: min(530px, 50vh)"></iframe>
                </div>
                <div class="modal-footer">
                    <button type="button" class="btn btn-secondary" data-dismiss="modal">Close</button>
                </div>
            </div>
        </div>
    </div>
    
    <div class="modal fade" id="Movie" tabindex="-1" role="dialog" aria-hidden="true">
        <div class="modal-dialog modal-dialog-centered modal-lg" role="document">
            <div class="modal-content">
                <div class="modal-header">
                    <h5 class="modal-title">Movie</h5>
                    <button type="button" class="close" data-dismiss="modal" aria-label="Close">
                        <span aria-hidden="true">&times;</span>
                    </button>
                </div>
                <div class="modal-body">
                    <div id="Movie_plot" style="width: 100%; height: 300px; border:none;">
                    </div>
                </div>
                <div class="modal-footer">
                    <button type="button" class="btn btn-secondary" data-dismiss="modal">Close</button>
                </div>
            </div>
        </div>
    </div>
    <div class="modal fade" id="Movie-search" tabindex="-1" role="dialog" aria-hidden="true">
        <div class="modal-dialog modal-dialog-centered modal-md" role="document">
            <div class="modal-content">
                <div class="modal-header">
                    <h5 class="modal-title">Search for Movie</h5>
                    <button type="button" class="close" data-dismiss="modal" aria-label="Close">
                        <span aria-hidden="true">&times;</span>
                    </button>
                </div>
                <div class="modal-body">
                    <iframe src="../prefixes/Movie.html" frameBorder="0" style="width: 100%; height: min(530px, 50vh)"></iframe>
                </div>
                <div class="modal-footer">
                    <button type="button" class="btn btn-secondary" data-dismiss="modal">Close</button>
                </div>
            </div>
        </div>
    </div>
    
</div>
</body>
</html>
